
[1m[34mΓòöΓòÉΓòÉΓòÉΓòÉΓòÉΓòÉΓòÉΓòÉΓòÉΓòÉΓòÉΓòÉΓòÉΓòÉΓòÉΓòÉΓòÉΓòÉΓòÉΓòÉΓòÉΓòÉΓòÉΓòÉΓòÉΓòÉΓòÉΓòÉΓòÉΓòÉΓòÉΓòÉΓòÉΓòÉΓòÉΓòÉΓòÉΓòÉΓòÉΓòÉΓòÉΓòÉΓòÉΓòÉΓòÉΓòÉΓòÉΓòÉΓòÉΓòÉΓòÉΓòÉΓòÉΓòÉΓòÉΓòÉΓòÉΓòÉΓòÉΓòÉΓòù
Γòæ  IndiLingo ΓÇö 21 Users ├ù 15 Languages ├ù ALL Lessons Test   Γòæ
ΓòÜΓòÉΓòÉΓòÉΓòÉΓòÉΓòÉΓòÉΓòÉΓòÉΓòÉΓòÉΓòÉΓòÉΓòÉΓòÉΓòÉΓòÉΓòÉΓòÉΓòÉΓòÉΓòÉΓòÉΓòÉΓòÉΓòÉΓòÉΓòÉΓòÉΓòÉΓòÉΓòÉΓòÉΓòÉΓòÉΓòÉΓòÉΓòÉΓòÉΓòÉΓòÉΓòÉΓòÉΓòÉΓòÉΓòÉΓòÉΓòÉΓòÉΓòÉΓòÉΓòÉΓòÉΓòÉΓòÉΓòÉΓòÉΓòÉΓòÉΓòÉΓò¥[0m


[1m[35mΓòÉΓòÉ HEALTH CHECK ΓòÉΓòÉ[0m
[32mΓ£ô API is reachable ΓÇö http://localhost:3001/api/healthz status=200[0m
[32mΓ£ô Health response valid ΓÇö {"status":"ok"}[0m

[1m[35mΓòÉΓòÉ FETCH ALL LANGUAGES ΓòÉΓòÉ[0m
[32mΓ£ô GET /languages returns 200[0m
[32mΓ£ô Languages response is array[0m
[32mΓ£ô Exactly 15 languages seeded ΓÇö count=15[0m
  [2mLanguage 1, Language 2, Language 3, Language 4, Language 5, Language 6, Language 7, Language 8, Language 9, Language 10, Language 11, Language 12, Language 13, Language 14, Language 15[0m

[1m[35mΓòÉΓòÉ LANGUAGE: Language 1 (Lang 1) ΓòÉΓòÉ[0m
[32mΓ£ô Language 1 has units ΓÇö count=1[0m
[32mΓ£ô Language 1 has lessons ΓÇö count=1[0m
  [2m1 lessons across 1 units[0m
[32mΓ£ô GET /lessons/101 ΓÇö Lesson 1[0m
[32mΓ£ô Lesson "Lesson 1" has exercises ΓÇö count=1[0m
[32mΓ£ô Language 1 / Lesson 1 / ex1 exercise has numeric id ΓÇö id=1[0m
[32mΓ£ô Language 1 / Lesson 1 / ex1 exercise has type ΓÇö multiple_choice[0m
[32mΓ£ô Language 1 / Lesson 1 / ex1 exercise has question[0m
[32mΓ£ô Language 1 / Lesson 1 / ex1 exercise has correctAnswer[0m
[32mΓ£ô Language 1 / Lesson 1 / ex1 exercise has options ΓÇö count=2[0m
[32mΓ£ô Language 1 / Lesson 1 / ex1 correctAnswer is in options ΓÇö A[0m
[32mΓ£ô Create user "Language_1_Bot01" ΓÇö id=9384[0m
[32mΓ£ô Create user "Language_1_Bot02" ΓÇö id=9690[0m
[32mΓ£ô Create user "Language_1_Bot03" ΓÇö id=8398[0m
[32mΓ£ô Create user "Language_1_Bot04" ΓÇö id=13[0m
[32mΓ£ô Create user "Language_1_Bot05" ΓÇö id=2368[0m
[32mΓ£ô Create user "Language_1_Bot06" ΓÇö id=8107[0m
[32mΓ£ô Create user "Language_1_Bot07" ΓÇö id=1602[0m
[32mΓ£ô Create user "Language_1_Bot08" ΓÇö id=6334[0m
[32mΓ£ô Create user "Language_1_Bot09" ΓÇö id=7800[0m
[32mΓ£ô Create user "Language_1_Bot10" ΓÇö id=3373[0m
[32mΓ£ô Create user "Language_1_Bot11" ΓÇö id=5068[0m
[32mΓ£ô Create user "Language_1_Bot12" ΓÇö id=1550[0m
[32mΓ£ô Create user "Language_1_Bot13" ΓÇö id=9806[0m
[32mΓ£ô Create user "Language_1_Bot14" ΓÇö id=3112[0m
[32mΓ£ô Create user "Language_1_Bot15" ΓÇö id=64[0m
[32mΓ£ô Create user "Language_1_Bot16" ΓÇö id=5527[0m
[32mΓ£ô Create user "Language_1_Bot17" ΓÇö id=588[0m
[32mΓ£ô Create user "Language_1_Bot18" ΓÇö id=6992[0m
[32mΓ£ô Create user "Language_1_Bot19" ΓÇö id=6086[0m
[32mΓ£ô Create user "Language_1_Bot20" ΓÇö id=5386[0m
[32mΓ£ô Create user "Language_1_Bot21" ΓÇö id=8095[0m
[32mΓ£ô User Language_1_Bot01 completes "Lesson 1" ΓÇö xp=10, stars=3, totalXp=100[0m
[32mΓ£ô User Language_1_Bot02 completes "Lesson 1" ΓÇö xp=10, stars=3, totalXp=100[0m
[32mΓ£ô User Language_1_Bot03 completes "Lesson 1" ΓÇö xp=10, stars=3, totalXp=100[0m
[32mΓ£ô User Language_1_Bot04 completes "Lesson 1" ΓÇö xp=10, stars=3, totalXp=100[0m
[32mΓ£ô User Language_1_Bot05 completes "Lesson 1" ΓÇö xp=10, stars=3, totalXp=100[0m
[32mΓ£ô User Language_1_Bot06 completes "Lesson 1" ΓÇö xp=10, stars=3, totalXp=100[0m
[32mΓ£ô User Language_1_Bot07 completes "Lesson 1" ΓÇö xp=10, stars=3, totalXp=100[0m
[32mΓ£ô User Language_1_Bot08 completes "Lesson 1" ΓÇö xp=10, stars=3, totalXp=100[0m
[32mΓ£ô User Language_1_Bot09 completes "Lesson 1" ΓÇö xp=10, stars=3, totalXp=100[0m
[32mΓ£ô User Language_1_Bot10 completes "Lesson 1" ΓÇö xp=10, stars=3, totalXp=100[0m
[32mΓ£ô User Language_1_Bot11 completes "Lesson 1" ΓÇö xp=10, stars=3, totalXp=100[0m
[32mΓ£ô User Language_1_Bot12 completes "Lesson 1" ΓÇö xp=10, stars=3, totalXp=100[0m
[32mΓ£ô User Language_1_Bot13 completes "Lesson 1" ΓÇö xp=10, stars=3, totalXp=100[0m
[32mΓ£ô User Language_1_Bot14 completes "Lesson 1" ΓÇö xp=10, stars=3, totalXp=100[0m
[32mΓ£ô User Language_1_Bot15 completes "Lesson 1" ΓÇö xp=10, stars=3, totalXp=100[0m
[32mΓ£ô User Language_1_Bot16 completes "Lesson 1" ΓÇö xp=10, stars=3, totalXp=100[0m
[32mΓ£ô User Language_1_Bot17 completes "Lesson 1" ΓÇö xp=10, stars=3, totalXp=100[0m
[32mΓ£ô User Language_1_Bot18 completes "Lesson 1" ΓÇö xp=10, stars=3, totalXp=100[0m
[32mΓ£ô User Language_1_Bot19 completes "Lesson 1" ΓÇö xp=10, stars=3, totalXp=100[0m
[32mΓ£ô User Language_1_Bot20 completes "Lesson 1" ΓÇö xp=10, stars=3, totalXp=100[0m
[32mΓ£ô User Language_1_Bot21 completes "Lesson 1" ΓÇö xp=10, stars=3, totalXp=100[0m
  [2mΓåÆ 21 users ├ù 1 lessons = 21 completions[0m

[1m[35mΓòÉΓòÉ LANGUAGE: Language 2 (Lang 2) ΓòÉΓòÉ[0m
[32mΓ£ô Language 2 has units ΓÇö count=1[0m
[32mΓ£ô Language 2 has lessons ΓÇö count=1[0m
  [2m1 lessons across 1 units[0m
[32mΓ£ô GET /lessons/101 ΓÇö Lesson 1[0m
[32mΓ£ô Lesson "Lesson 1" has exercises ΓÇö count=1[0m
[32mΓ£ô Language 2 / Lesson 1 / ex1 exercise has numeric id ΓÇö id=1[0m
[32mΓ£ô Language 2 / Lesson 1 / ex1 exercise has type ΓÇö multiple_choice[0m
[32mΓ£ô Language 2 / Lesson 1 / ex1 exercise has question[0m
[32mΓ£ô Language 2 / Lesson 1 / ex1 exercise has correctAnswer[0m
[32mΓ£ô Language 2 / Lesson 1 / ex1 exercise has options ΓÇö count=2[0m
[32mΓ£ô Language 2 / Lesson 1 / ex1 correctAnswer is in options ΓÇö A[0m
[32mΓ£ô Create user "Language_2_Bot01" ΓÇö id=3795[0m
[32mΓ£ô Create user "Language_2_Bot02" ΓÇö id=4580[0m
[32mΓ£ô Create user "Language_2_Bot03" ΓÇö id=730[0m
[32mΓ£ô Create user "Language_2_Bot04" ΓÇö id=5004[0m
[32mΓ£ô Create user "Language_2_Bot05" ΓÇö id=4637[0m
[32mΓ£ô Create user "Language_2_Bot06" ΓÇö id=7560[0m
[32mΓ£ô Create user "Language_2_Bot07" ΓÇö id=6817[0m
[32mΓ£ô Create user "Language_2_Bot08" ΓÇö id=4240[0m
[32mΓ£ô Create user "Language_2_Bot09" ΓÇö id=3712[0m
[32mΓ£ô Create user "Language_2_Bot10" ΓÇö id=6830[0m
[32mΓ£ô Create user "Language_2_Bot11" ΓÇö id=1889[0m
[32mΓ£ô Create user "Language_2_Bot12" ΓÇö id=919[0m
[32mΓ£ô Create user "Language_2_Bot13" ΓÇö id=8135[0m
[32mΓ£ô Create user "Language_2_Bot14" ΓÇö id=9921[0m
[32mΓ£ô Create user "Language_2_Bot15" ΓÇö id=4951[0m
[32mΓ£ô Create user "Language_2_Bot16" ΓÇö id=1430[0m
[32mΓ£ô Create user "Language_2_Bot17" ΓÇö id=492[0m
[32mΓ£ô Create user "Language_2_Bot18" ΓÇö id=3789[0m
[32mΓ£ô Create user "Language_2_Bot19" ΓÇö id=3158[0m
[32mΓ£ô Create user "Language_2_Bot20" ΓÇö id=7615[0m
[32mΓ£ô Create user "Language_2_Bot21" ΓÇö id=4918[0m
[32mΓ£ô User Language_2_Bot01 completes "Lesson 1" ΓÇö xp=10, stars=3, totalXp=100[0m
[32mΓ£ô User Language_2_Bot02 completes "Lesson 1" ΓÇö xp=10, stars=3, totalXp=100[0m
[32mΓ£ô User Language_2_Bot03 completes "Lesson 1" ΓÇö xp=10, stars=3, totalXp=100[0m
[32mΓ£ô User Language_2_Bot04 completes "Lesson 1" ΓÇö xp=10, stars=3, totalXp=100[0m
[32mΓ£ô User Language_2_Bot05 completes "Lesson 1" ΓÇö xp=10, stars=3, totalXp=100[0m
[32mΓ£ô User Language_2_Bot06 completes "Lesson 1" ΓÇö xp=10, stars=3, totalXp=100[0m
[32mΓ£ô User Language_2_Bot07 completes "Lesson 1" ΓÇö xp=10, stars=3, totalXp=100[0m
[32mΓ£ô User Language_2_Bot08 completes "Lesson 1" ΓÇö xp=10, stars=3, totalXp=100[0m
[32mΓ£ô User Language_2_Bot09 completes "Lesson 1" ΓÇö xp=10, stars=3, totalXp=100[0m
[32mΓ£ô User Language_2_Bot10 completes "Lesson 1" ΓÇö xp=10, stars=3, totalXp=100[0m
[32mΓ£ô User Language_2_Bot11 completes "Lesson 1" ΓÇö xp=10, stars=3, totalXp=100[0m
[32mΓ£ô User Language_2_Bot12 completes "Lesson 1" ΓÇö xp=10, stars=3, totalXp=100[0m
[32mΓ£ô User Language_2_Bot13 completes "Lesson 1" ΓÇö xp=10, stars=3, totalXp=100[0m
[32mΓ£ô User Language_2_Bot14 completes "Lesson 1" ΓÇö xp=10, stars=3, totalXp=100[0m
[32mΓ£ô User Language_2_Bot15 completes "Lesson 1" ΓÇö xp=10, stars=3, totalXp=100[0m
[32mΓ£ô User Language_2_Bot16 completes "Lesson 1" ΓÇö xp=10, stars=3, totalXp=100[0m
[32mΓ£ô User Language_2_Bot17 completes "Lesson 1" ΓÇö xp=10, stars=3, totalXp=100[0m
[32mΓ£ô User Language_2_Bot18 completes "Lesson 1" ΓÇö xp=10, stars=3, totalXp=100[0m
[32mΓ£ô User Language_2_Bot19 completes "Lesson 1" ΓÇö xp=10, stars=3, totalXp=100[0m
[32mΓ£ô User Language_2_Bot20 completes "Lesson 1" ΓÇö xp=10, stars=3, totalXp=100[0m
[32mΓ£ô User Language_2_Bot21 completes "Lesson 1" ΓÇö xp=10, stars=3, totalXp=100[0m
  [2mΓåÆ 21 users ├ù 1 lessons = 21 completions[0m

[1m[35mΓòÉΓòÉ LANGUAGE: Language 3 (Lang 3) ΓòÉΓòÉ[0m
[32mΓ£ô Language 3 has units ΓÇö count=1[0m
[32mΓ£ô Language 3 has lessons ΓÇö count=1[0m
  [2m1 lessons across 1 units[0m
[32mΓ£ô GET /lessons/101 ΓÇö Lesson 1[0m
[32mΓ£ô Lesson "Lesson 1" has exercises ΓÇö count=1[0m
[32mΓ£ô Language 3 / Lesson 1 / ex1 exercise has numeric id ΓÇö id=1[0m
[32mΓ£ô Language 3 / Lesson 1 / ex1 exercise has type ΓÇö multiple_choice[0m
[32mΓ£ô Language 3 / Lesson 1 / ex1 exercise has question[0m
[32mΓ£ô Language 3 / Lesson 1 / ex1 exercise has correctAnswer[0m
[32mΓ£ô Language 3 / Lesson 1 / ex1 exercise has options ΓÇö count=2[0m
[32mΓ£ô Language 3 / Lesson 1 / ex1 correctAnswer is in options ΓÇö A[0m
[32mΓ£ô Create user "Language_3_Bot01" ΓÇö id=1085[0m
[32mΓ£ô Create user "Language_3_Bot02" ΓÇö id=5463[0m
[32mΓ£ô Create user "Language_3_Bot03" ΓÇö id=5339[0m
[32mΓ£ô Create user "Language_3_Bot04" ΓÇö id=4679[0m
[32mΓ£ô Create user "Language_3_Bot05" ΓÇö id=8395[0m
[32mΓ£ô Create user "Language_3_Bot06" ΓÇö id=3101[0m
[32mΓ£ô Create user "Language_3_Bot07" ΓÇö id=6820[0m
[32mΓ£ô Create user "Language_3_Bot08" ΓÇö id=2692[0m
[32mΓ£ô Create user "Language_3_Bot09" ΓÇö id=4426[0m
[32mΓ£ô Create user "Language_3_Bot10" ΓÇö id=8730[0m
[32mΓ£ô Create user "Language_3_Bot11" ΓÇö id=8898[0m
[32mΓ£ô Create user "Language_3_Bot12" ΓÇö id=6203[0m
[32mΓ£ô Create user "Language_3_Bot13" ΓÇö id=3905[0m
[32mΓ£ô Create user "Language_3_Bot14" ΓÇö id=4739[0m
[32mΓ£ô Create user "Language_3_Bot15" ΓÇö id=9218[0m
[32mΓ£ô Create user "Language_3_Bot16" ΓÇö id=8089[0m
[32mΓ£ô Create user "Language_3_Bot17" ΓÇö id=5277[0m
[32mΓ£ô Create user "Language_3_Bot18" ΓÇö id=521[0m
[32mΓ£ô Create user "Language_3_Bot19" ΓÇö id=4469[0m
[32mΓ£ô Create user "Language_3_Bot20" ΓÇö id=2859[0m
[32mΓ£ô Create user "Language_3_Bot21" ΓÇö id=5655[0m
[32mΓ£ô User Language_3_Bot01 completes "Lesson 1" ΓÇö xp=10, stars=3, totalXp=100[0m
[32mΓ£ô User Language_3_Bot02 completes "Lesson 1" ΓÇö xp=10, stars=3, totalXp=100[0m
[32mΓ£ô User Language_3_Bot03 completes "Lesson 1" ΓÇö xp=10, stars=3, totalXp=100[0m
[32mΓ£ô User Language_3_Bot04 completes "Lesson 1" ΓÇö xp=10, stars=3, totalXp=100[0m
[32mΓ£ô User Language_3_Bot05 completes "Lesson 1" ΓÇö xp=10, stars=3, totalXp=100[0m
[32mΓ£ô User Language_3_Bot06 completes "Lesson 1" ΓÇö xp=10, stars=3, totalXp=100[0m
[32mΓ£ô User Language_3_Bot07 completes "Lesson 1" ΓÇö xp=10, stars=3, totalXp=100[0m
[32mΓ£ô User Language_3_Bot08 completes "Lesson 1" ΓÇö xp=10, stars=3, totalXp=100[0m
[32mΓ£ô User Language_3_Bot09 completes "Lesson 1" ΓÇö xp=10, stars=3, totalXp=100[0m
[32mΓ£ô User Language_3_Bot10 completes "Lesson 1" ΓÇö xp=10, stars=3, totalXp=100[0m
[32mΓ£ô User Language_3_Bot11 completes "Lesson 1" ΓÇö xp=10, stars=3, totalXp=100[0m
[32mΓ£ô User Language_3_Bot12 completes "Lesson 1" ΓÇö xp=10, stars=3, totalXp=100[0m
[32mΓ£ô User Language_3_Bot13 completes "Lesson 1" ΓÇö xp=10, stars=3, totalXp=100[0m
[32mΓ£ô User Language_3_Bot14 completes "Lesson 1" ΓÇö xp=10, stars=3, totalXp=100[0m
[32mΓ£ô User Language_3_Bot15 completes "Lesson 1" ΓÇö xp=10, stars=3, totalXp=100[0m
[32mΓ£ô User Language_3_Bot16 completes "Lesson 1" ΓÇö xp=10, stars=3, totalXp=100[0m
[32mΓ£ô User Language_3_Bot17 completes "Lesson 1" ΓÇö xp=10, stars=3, totalXp=100[0m
[32mΓ£ô User Language_3_Bot18 completes "Lesson 1" ΓÇö xp=10, stars=3, totalXp=100[0m
[32mΓ£ô User Language_3_Bot19 completes "Lesson 1" ΓÇö xp=10, stars=3, totalXp=100[0m
[32mΓ£ô User Language_3_Bot20 completes "Lesson 1" ΓÇö xp=10, stars=3, totalXp=100[0m
[32mΓ£ô User Language_3_Bot21 completes "Lesson 1" ΓÇö xp=10, stars=3, totalXp=100[0m
  [2mΓåÆ 21 users ├ù 1 lessons = 21 completions[0m

[1m[35mΓòÉΓòÉ LANGUAGE: Language 4 (Lang 4) ΓòÉΓòÉ[0m
[32mΓ£ô Language 4 has units ΓÇö count=1[0m
[32mΓ£ô Language 4 has lessons ΓÇö count=1[0m
  [2m1 lessons across 1 units[0m
[32mΓ£ô GET /lessons/101 ΓÇö Lesson 1[0m
[32mΓ£ô Lesson "Lesson 1" has exercises ΓÇö count=1[0m
[32mΓ£ô Language 4 / Lesson 1 / ex1 exercise has numeric id ΓÇö id=1[0m
[32mΓ£ô Language 4 / Lesson 1 / ex1 exercise has type ΓÇö multiple_choice[0m
[32mΓ£ô Language 4 / Lesson 1 / ex1 exercise has question[0m
[32mΓ£ô Language 4 / Lesson 1 / ex1 exercise has correctAnswer[0m
[32mΓ£ô Language 4 / Lesson 1 / ex1 exercise has options ΓÇö count=2[0m
[32mΓ£ô Language 4 / Lesson 1 / ex1 correctAnswer is in options ΓÇö A[0m
[32mΓ£ô Create user "Language_4_Bot01" ΓÇö id=2258[0m
[32mΓ£ô Create user "Language_4_Bot02" ΓÇö id=7126[0m
[32mΓ£ô Create user "Language_4_Bot03" ΓÇö id=1964[0m
[32mΓ£ô Create user "Language_4_Bot04" ΓÇö id=7283[0m
[32mΓ£ô Create user "Language_4_Bot05" ΓÇö id=3435[0m
[32mΓ£ô Create user "Language_4_Bot06" ΓÇö id=7481[0m
[32mΓ£ô Create user "Language_4_Bot07" ΓÇö id=6276[0m
[32mΓ£ô Create user "Language_4_Bot08" ΓÇö id=3471[0m
[32mΓ£ô Create user "Language_4_Bot09" ΓÇö id=4163[0m
[32mΓ£ô Create user "Language_4_Bot10" ΓÇö id=8110[0m
[32mΓ£ô Create user "Language_4_Bot11" ΓÇö id=8238[0m
[32mΓ£ô Create user "Language_4_Bot12" ΓÇö id=772[0m
[32mΓ£ô Create user "Language_4_Bot13" ΓÇö id=7489[0m
[32mΓ£ô Create user "Language_4_Bot14" ΓÇö id=7567[0m
[32mΓ£ô Create user "Language_4_Bot15" ΓÇö id=8724[0m
[32mΓ£ô Create user "Language_4_Bot16" ΓÇö id=273[0m
[32mΓ£ô Create user "Language_4_Bot17" ΓÇö id=6288[0m
[32mΓ£ô Create user "Language_4_Bot18" ΓÇö id=9328[0m
[32mΓ£ô Create user "Language_4_Bot19" ΓÇö id=3281[0m
[32mΓ£ô Create user "Language_4_Bot20" ΓÇö id=8876[0m
[32mΓ£ô Create user "Language_4_Bot21" ΓÇö id=7591[0m
[32mΓ£ô User Language_4_Bot01 completes "Lesson 1" ΓÇö xp=10, stars=3, totalXp=100[0m
[32mΓ£ô User Language_4_Bot02 completes "Lesson 1" ΓÇö xp=10, stars=3, totalXp=100[0m
[32mΓ£ô User Language_4_Bot03 completes "Lesson 1" ΓÇö xp=10, stars=3, totalXp=100[0m
[32mΓ£ô User Language_4_Bot04 completes "Lesson 1" ΓÇö xp=10, stars=3, totalXp=100[0m
[32mΓ£ô User Language_4_Bot05 completes "Lesson 1" ΓÇö xp=10, stars=3, totalXp=100[0m
[32mΓ£ô User Language_4_Bot06 completes "Lesson 1" ΓÇö xp=10, stars=3, totalXp=100[0m
[32mΓ£ô User Language_4_Bot07 completes "Lesson 1" ΓÇö xp=10, stars=3, totalXp=100[0m
[32mΓ£ô User Language_4_Bot08 completes "Lesson 1" ΓÇö xp=10, stars=3, totalXp=100[0m
[32mΓ£ô User Language_4_Bot09 completes "Lesson 1" ΓÇö xp=10, stars=3, totalXp=100[0m
[32mΓ£ô User Language_4_Bot10 completes "Lesson 1" ΓÇö xp=10, stars=3, totalXp=100[0m
[32mΓ£ô User Language_4_Bot11 completes "Lesson 1" ΓÇö xp=10, stars=3, totalXp=100[0m
[32mΓ£ô User Language_4_Bot12 completes "Lesson 1" ΓÇö xp=10, stars=3, totalXp=100[0m
[32mΓ£ô User Language_4_Bot13 completes "Lesson 1" ΓÇö xp=10, stars=3, totalXp=100[0m
[32mΓ£ô User Language_4_Bot14 completes "Lesson 1" ΓÇö xp=10, stars=3, totalXp=100[0m
[32mΓ£ô User Language_4_Bot15 completes "Lesson 1" ΓÇö xp=10, stars=3, totalXp=100[0m
[32mΓ£ô User Language_4_Bot16 completes "Lesson 1" ΓÇö xp=10, stars=3, totalXp=100[0m
[32mΓ£ô User Language_4_Bot17 completes "Lesson 1" ΓÇö xp=10, stars=3, totalXp=100[0m
[32mΓ£ô User Language_4_Bot18 completes "Lesson 1" ΓÇö xp=10, stars=3, totalXp=100[0m
[32mΓ£ô User Language_4_Bot19 completes "Lesson 1" ΓÇö xp=10, stars=3, totalXp=100[0m
[32mΓ£ô User Language_4_Bot20 completes "Lesson 1" ΓÇö xp=10, stars=3, totalXp=100[0m
[32mΓ£ô User Language_4_Bot21 completes "Lesson 1" ΓÇö xp=10, stars=3, totalXp=100[0m
  [2mΓåÆ 21 users ├ù 1 lessons = 21 completions[0m

[1m[35mΓòÉΓòÉ LANGUAGE: Language 5 (Lang 5) ΓòÉΓòÉ[0m
[32mΓ£ô Language 5 has units ΓÇö count=1[0m
[32mΓ£ô Language 5 has lessons ΓÇö count=1[0m
  [2m1 lessons across 1 units[0m
[32mΓ£ô GET /lessons/101 ΓÇö Lesson 1[0m
[32mΓ£ô Lesson "Lesson 1" has exercises ΓÇö count=1[0m
[32mΓ£ô Language 5 / Lesson 1 / ex1 exercise has numeric id ΓÇö id=1[0m
[32mΓ£ô Language 5 / Lesson 1 / ex1 exercise has type ΓÇö multiple_choice[0m
[32mΓ£ô Language 5 / Lesson 1 / ex1 exercise has question[0m
[32mΓ£ô Language 5 / Lesson 1 / ex1 exercise has correctAnswer[0m
[32mΓ£ô Language 5 / Lesson 1 / ex1 exercise has options ΓÇö count=2[0m
[32mΓ£ô Language 5 / Lesson 1 / ex1 correctAnswer is in options ΓÇö A[0m
[32mΓ£ô Create user "Language_5_Bot01" ΓÇö id=7390[0m
[32mΓ£ô Create user "Language_5_Bot02" ΓÇö id=3330[0m
[32mΓ£ô Create user "Language_5_Bot03" ΓÇö id=9867[0m
[32mΓ£ô Create user "Language_5_Bot04" ΓÇö id=7516[0m
[32mΓ£ô Create user "Language_5_Bot05" ΓÇö id=1971[0m
[32mΓ£ô Create user "Language_5_Bot06" ΓÇö id=184[0m
[32mΓ£ô Create user "Language_5_Bot07" ΓÇö id=5049[0m
[32mΓ£ô Create user "Language_5_Bot08" ΓÇö id=3369[0m
[32mΓ£ô Create user "Language_5_Bot09" ΓÇö id=404[0m
[32mΓ£ô Create user "Language_5_Bot10" ΓÇö id=5099[0m
[32mΓ£ô Create user "Language_5_Bot11" ΓÇö id=2779[0m
[32mΓ£ô Create user "Language_5_Bot12" ΓÇö id=6021[0m
[32mΓ£ô Create user "Language_5_Bot13" ΓÇö id=6725[0m
[32mΓ£ô Create user "Language_5_Bot14" ΓÇö id=7601[0m
[32mΓ£ô Create user "Language_5_Bot15" ΓÇö id=4368[0m
[32mΓ£ô Create user "Language_5_Bot16" ΓÇö id=76[0m
[32mΓ£ô Create user "Language_5_Bot17" ΓÇö id=4830[0m
[32mΓ£ô Create user "Language_5_Bot18" ΓÇö id=7166[0m
[32mΓ£ô Create user "Language_5_Bot19" ΓÇö id=9575[0m
[32mΓ£ô Create user "Language_5_Bot20" ΓÇö id=2045[0m
[32mΓ£ô Create user "Language_5_Bot21" ΓÇö id=5888[0m
[32mΓ£ô User Language_5_Bot01 completes "Lesson 1" ΓÇö xp=10, stars=3, totalXp=100[0m
[32mΓ£ô User Language_5_Bot02 completes "Lesson 1" ΓÇö xp=10, stars=3, totalXp=100[0m
[32mΓ£ô User Language_5_Bot03 completes "Lesson 1" ΓÇö xp=10, stars=3, totalXp=100[0m
[32mΓ£ô User Language_5_Bot04 completes "Lesson 1" ΓÇö xp=10, stars=3, totalXp=100[0m
[32mΓ£ô User Language_5_Bot05 completes "Lesson 1" ΓÇö xp=10, stars=3, totalXp=100[0m
[32mΓ£ô User Language_5_Bot06 completes "Lesson 1" ΓÇö xp=10, stars=3, totalXp=100[0m
[32mΓ£ô User Language_5_Bot07 completes "Lesson 1" ΓÇö xp=10, stars=3, totalXp=100[0m
[32mΓ£ô User Language_5_Bot08 completes "Lesson 1" ΓÇö xp=10, stars=3, totalXp=100[0m
[32mΓ£ô User Language_5_Bot09 completes "Lesson 1" ΓÇö xp=10, stars=3, totalXp=100[0m
[32mΓ£ô User Language_5_Bot10 completes "Lesson 1" ΓÇö xp=10, stars=3, totalXp=100[0m
[32mΓ£ô User Language_5_Bot11 completes "Lesson 1" ΓÇö xp=10, stars=3, totalXp=100[0m
[32mΓ£ô User Language_5_Bot12 completes "Lesson 1" ΓÇö xp=10, stars=3, totalXp=100[0m
[32mΓ£ô User Language_5_Bot13 completes "Lesson 1" ΓÇö xp=10, stars=3, totalXp=100[0m
[32mΓ£ô User Language_5_Bot14 completes "Lesson 1" ΓÇö xp=10, stars=3, totalXp=100[0m
[32mΓ£ô User Language_5_Bot15 completes "Lesson 1" ΓÇö xp=10, stars=3, totalXp=100[0m
[32mΓ£ô User Language_5_Bot16 completes "Lesson 1" ΓÇö xp=10, stars=3, totalXp=100[0m
[32mΓ£ô User Language_5_Bot17 completes "Lesson 1" ΓÇö xp=10, stars=3, totalXp=100[0m
[32mΓ£ô User Language_5_Bot18 completes "Lesson 1" ΓÇö xp=10, stars=3, totalXp=100[0m
[32mΓ£ô User Language_5_Bot19 completes "Lesson 1" ΓÇö xp=10, stars=3, totalXp=100[0m
[32mΓ£ô User Language_5_Bot20 completes "Lesson 1" ΓÇö xp=10, stars=3, totalXp=100[0m
[32mΓ£ô User Language_5_Bot21 completes "Lesson 1" ΓÇö xp=10, stars=3, totalXp=100[0m
  [2mΓåÆ 21 users ├ù 1 lessons = 21 completions[0m

[1m[35mΓòÉΓòÉ LANGUAGE: Language 6 (Lang 6) ΓòÉΓòÉ[0m
[32mΓ£ô Language 6 has units ΓÇö count=1[0m
[32mΓ£ô Language 6 has lessons ΓÇö count=1[0m
  [2m1 lessons across 1 units[0m
[32mΓ£ô GET /lessons/101 ΓÇö Lesson 1[0m
[32mΓ£ô Lesson "Lesson 1" has exercises ΓÇö count=1[0m
[32mΓ£ô Language 6 / Lesson 1 / ex1 exercise has numeric id ΓÇö id=1[0m
[32mΓ£ô Language 6 / Lesson 1 / ex1 exercise has type ΓÇö multiple_choice[0m
[32mΓ£ô Language 6 / Lesson 1 / ex1 exercise has question[0m
[32mΓ£ô Language 6 / Lesson 1 / ex1 exercise has correctAnswer[0m
[32mΓ£ô Language 6 / Lesson 1 / ex1 exercise has options ΓÇö count=2[0m
[32mΓ£ô Language 6 / Lesson 1 / ex1 correctAnswer is in options ΓÇö A[0m
[32mΓ£ô Create user "Language_6_Bot01" ΓÇö id=6230[0m
[32mΓ£ô Create user "Language_6_Bot02" ΓÇö id=5262[0m
[32mΓ£ô Create user "Language_6_Bot03" ΓÇö id=3652[0m
[32mΓ£ô Create user "Language_6_Bot04" ΓÇö id=3008[0m
[32mΓ£ô Create user "Language_6_Bot05" ΓÇö id=5274[0m
[32mΓ£ô Create user "Language_6_Bot06" ΓÇö id=1884[0m
[32mΓ£ô Create user "Language_6_Bot07" ΓÇö id=5157[0m
[32mΓ£ô Create user "Language_6_Bot08" ΓÇö id=2174[0m
[32mΓ£ô Create user "Language_6_Bot09" ΓÇö id=2059[0m
[32mΓ£ô Create user "Language_6_Bot10" ΓÇö id=7701[0m
[32mΓ£ô Create user "Language_6_Bot11" ΓÇö id=2583[0m
[32mΓ£ô Create user "Language_6_Bot12" ΓÇö id=6392[0m
[32mΓ£ô Create user "Language_6_Bot13" ΓÇö id=8412[0m
[32mΓ£ô Create user "Language_6_Bot14" ΓÇö id=2327[0m
[32mΓ£ô Create user "Language_6_Bot15" ΓÇö id=3111[0m
[32mΓ£ô Create user "Language_6_Bot16" ΓÇö id=2137[0m
[32mΓ£ô Create user "Language_6_Bot17" ΓÇö id=4546[0m
[32mΓ£ô Create user "Language_6_Bot18" ΓÇö id=5425[0m
[32mΓ£ô Create user "Language_6_Bot19" ΓÇö id=3029[0m
[32mΓ£ô Create user "Language_6_Bot20" ΓÇö id=1462[0m
[32mΓ£ô Create user "Language_6_Bot21" ΓÇö id=7024[0m
[32mΓ£ô User Language_6_Bot01 completes "Lesson 1" ΓÇö xp=10, stars=3, totalXp=100[0m
[32mΓ£ô User Language_6_Bot02 completes "Lesson 1" ΓÇö xp=10, stars=3, totalXp=100[0m
[32mΓ£ô User Language_6_Bot03 completes "Lesson 1" ΓÇö xp=10, stars=3, totalXp=100[0m
[32mΓ£ô User Language_6_Bot04 completes "Lesson 1" ΓÇö xp=10, stars=3, totalXp=100[0m
[32mΓ£ô User Language_6_Bot05 completes "Lesson 1" ΓÇö xp=10, stars=3, totalXp=100[0m
[32mΓ£ô User Language_6_Bot06 completes "Lesson 1" ΓÇö xp=10, stars=3, totalXp=100[0m
[32mΓ£ô User Language_6_Bot07 completes "Lesson 1" ΓÇö xp=10, stars=3, totalXp=100[0m
[32mΓ£ô User Language_6_Bot08 completes "Lesson 1" ΓÇö xp=10, stars=3, totalXp=100[0m
[32mΓ£ô User Language_6_Bot09 completes "Lesson 1" ΓÇö xp=10, stars=3, totalXp=100[0m
[32mΓ£ô User Language_6_Bot10 completes "Lesson 1" ΓÇö xp=10, stars=3, totalXp=100[0m
[32mΓ£ô User Language_6_Bot11 completes "Lesson 1" ΓÇö xp=10, stars=3, totalXp=100[0m
[32mΓ£ô User Language_6_Bot12 completes "Lesson 1" ΓÇö xp=10, stars=3, totalXp=100[0m
[32mΓ£ô User Language_6_Bot13 completes "Lesson 1" ΓÇö xp=10, stars=3, totalXp=100[0m
[32mΓ£ô User Language_6_Bot14 completes "Lesson 1" ΓÇö xp=10, stars=3, totalXp=100[0m
[32mΓ£ô User Language_6_Bot15 completes "Lesson 1" ΓÇö xp=10, stars=3, totalXp=100[0m
[32mΓ£ô User Language_6_Bot16 completes "Lesson 1" ΓÇö xp=10, stars=3, totalXp=100[0m
[32mΓ£ô User Language_6_Bot17 completes "Lesson 1" ΓÇö xp=10, stars=3, totalXp=100[0m
[32mΓ£ô User Language_6_Bot18 completes "Lesson 1" ΓÇö xp=10, stars=3, totalXp=100[0m
[32mΓ£ô User Language_6_Bot19 completes "Lesson 1" ΓÇö xp=10, stars=3, totalXp=100[0m
[32mΓ£ô User Language_6_Bot20 completes "Lesson 1" ΓÇö xp=10, stars=3, totalXp=100[0m
[32mΓ£ô User Language_6_Bot21 completes "Lesson 1" ΓÇö xp=10, stars=3, totalXp=100[0m
  [2mΓåÆ 21 users ├ù 1 lessons = 21 completions[0m

[1m[35mΓòÉΓòÉ LANGUAGE: Language 7 (Lang 7) ΓòÉΓòÉ[0m
[32mΓ£ô Language 7 has units ΓÇö count=1[0m
[32mΓ£ô Language 7 has lessons ΓÇö count=1[0m
  [2m1 lessons across 1 units[0m
[32mΓ£ô GET /lessons/101 ΓÇö Lesson 1[0m
[32mΓ£ô Lesson "Lesson 1" has exercises ΓÇö count=1[0m
[32mΓ£ô Language 7 / Lesson 1 / ex1 exercise has numeric id ΓÇö id=1[0m
[32mΓ£ô Language 7 / Lesson 1 / ex1 exercise has type ΓÇö multiple_choice[0m
[32mΓ£ô Language 7 / Lesson 1 / ex1 exercise has question[0m
[32mΓ£ô Language 7 / Lesson 1 / ex1 exercise has correctAnswer[0m
[32mΓ£ô Language 7 / Lesson 1 / ex1 exercise has options ΓÇö count=2[0m
[32mΓ£ô Language 7 / Lesson 1 / ex1 correctAnswer is in options ΓÇö A[0m
[32mΓ£ô Create user "Language_7_Bot01" ΓÇö id=7479[0m
[32mΓ£ô Create user "Language_7_Bot02" ΓÇö id=3043[0m
[32mΓ£ô Create user "Language_7_Bot03" ΓÇö id=334[0m
[32mΓ£ô Create user "Language_7_Bot04" ΓÇö id=863[0m
[32mΓ£ô Create user "Language_7_Bot05" ΓÇö id=8704[0m
[32mΓ£ô Create user "Language_7_Bot06" ΓÇö id=8031[0m
[32mΓ£ô Create user "Language_7_Bot07" ΓÇö id=7835[0m
[32mΓ£ô Create user "Language_7_Bot08" ΓÇö id=2112[0m
[32mΓ£ô Create user "Language_7_Bot09" ΓÇö id=1083[0m
[32mΓ£ô Create user "Language_7_Bot10" ΓÇö id=8983[0m
[32mΓ£ô Create user "Language_7_Bot11" ΓÇö id=4708[0m
[32mΓ£ô Create user "Language_7_Bot12" ΓÇö id=6876[0m
[32mΓ£ô Create user "Language_7_Bot13" ΓÇö id=482[0m
[32mΓ£ô Create user "Language_7_Bot14" ΓÇö id=1759[0m
[32mΓ£ô Create user "Language_7_Bot15" ΓÇö id=4377[0m
[32mΓ£ô Create user "Language_7_Bot16" ΓÇö id=2000[0m
[32mΓ£ô Create user "Language_7_Bot17" ΓÇö id=6444[0m
[32mΓ£ô Create user "Language_7_Bot18" ΓÇö id=6764[0m
[32mΓ£ô Create user "Language_7_Bot19" ΓÇö id=4850[0m
[32mΓ£ô Create user "Language_7_Bot20" ΓÇö id=7696[0m
[32mΓ£ô Create user "Language_7_Bot21" ΓÇö id=6114[0m
[32mΓ£ô User Language_7_Bot01 completes "Lesson 1" ΓÇö xp=10, stars=3, totalXp=100[0m
[32mΓ£ô User Language_7_Bot02 completes "Lesson 1" ΓÇö xp=10, stars=3, totalXp=100[0m
[32mΓ£ô User Language_7_Bot03 completes "Lesson 1" ΓÇö xp=10, stars=3, totalXp=100[0m
[32mΓ£ô User Language_7_Bot04 completes "Lesson 1" ΓÇö xp=10, stars=3, totalXp=100[0m
[32mΓ£ô User Language_7_Bot05 completes "Lesson 1" ΓÇö xp=10, stars=3, totalXp=100[0m
[32mΓ£ô User Language_7_Bot06 completes "Lesson 1" ΓÇö xp=10, stars=3, totalXp=100[0m
[32mΓ£ô User Language_7_Bot07 completes "Lesson 1" ΓÇö xp=10, stars=3, totalXp=100[0m
[32mΓ£ô User Language_7_Bot08 completes "Lesson 1" ΓÇö xp=10, stars=3, totalXp=100[0m
[32mΓ£ô User Language_7_Bot09 completes "Lesson 1" ΓÇö xp=10, stars=3, totalXp=100[0m
[32mΓ£ô User Language_7_Bot10 completes "Lesson 1" ΓÇö xp=10, stars=3, totalXp=100[0m
[32mΓ£ô User Language_7_Bot11 completes "Lesson 1" ΓÇö xp=10, stars=3, totalXp=100[0m
[32mΓ£ô User Language_7_Bot12 completes "Lesson 1" ΓÇö xp=10, stars=3, totalXp=100[0m
[32mΓ£ô User Language_7_Bot13 completes "Lesson 1" ΓÇö xp=10, stars=3, totalXp=100[0m
[32mΓ£ô User Language_7_Bot14 completes "Lesson 1" ΓÇö xp=10, stars=3, totalXp=100[0m
[32mΓ£ô User Language_7_Bot15 completes "Lesson 1" ΓÇö xp=10, stars=3, totalXp=100[0m
[32mΓ£ô User Language_7_Bot16 completes "Lesson 1" ΓÇö xp=10, stars=3, totalXp=100[0m
[32mΓ£ô User Language_7_Bot17 completes "Lesson 1" ΓÇö xp=10, stars=3, totalXp=100[0m
[32mΓ£ô User Language_7_Bot18 completes "Lesson 1" ΓÇö xp=10, stars=3, totalXp=100[0m
[32mΓ£ô User Language_7_Bot19 completes "Lesson 1" ΓÇö xp=10, stars=3, totalXp=100[0m
[32mΓ£ô User Language_7_Bot20 completes "Lesson 1" ΓÇö xp=10, stars=3, totalXp=100[0m
[32mΓ£ô User Language_7_Bot21 completes "Lesson 1" ΓÇö xp=10, stars=3, totalXp=100[0m
  [2mΓåÆ 21 users ├ù 1 lessons = 21 completions[0m

[1m[35mΓòÉΓòÉ LANGUAGE: Language 8 (Lang 8) ΓòÉΓòÉ[0m
[32mΓ£ô Language 8 has units ΓÇö count=1[0m
[32mΓ£ô Language 8 has lessons ΓÇö count=1[0m
  [2m1 lessons across 1 units[0m
[32mΓ£ô GET /lessons/101 ΓÇö Lesson 1[0m
[32mΓ£ô Lesson "Lesson 1" has exercises ΓÇö count=1[0m
[32mΓ£ô Language 8 / Lesson 1 / ex1 exercise has numeric id ΓÇö id=1[0m
[32mΓ£ô Language 8 / Lesson 1 / ex1 exercise has type ΓÇö multiple_choice[0m
[32mΓ£ô Language 8 / Lesson 1 / ex1 exercise has question[0m
[32mΓ£ô Language 8 / Lesson 1 / ex1 exercise has correctAnswer[0m
[32mΓ£ô Language 8 / Lesson 1 / ex1 exercise has options ΓÇö count=2[0m
[32mΓ£ô Language 8 / Lesson 1 / ex1 correctAnswer is in options ΓÇö A[0m
[32mΓ£ô Create user "Language_8_Bot01" ΓÇö id=2493[0m
[32mΓ£ô Create user "Language_8_Bot02" ΓÇö id=9883[0m
[32mΓ£ô Create user "Language_8_Bot03" ΓÇö id=9147[0m
[32mΓ£ô Create user "Language_8_Bot04" ΓÇö id=6600[0m
[32mΓ£ô Create user "Language_8_Bot05" ΓÇö id=7413[0m
[32mΓ£ô Create user "Language_8_Bot06" ΓÇö id=5872[0m
[32mΓ£ô Create user "Language_8_Bot07" ΓÇö id=8571[0m
[32mΓ£ô Create user "Language_8_Bot08" ΓÇö id=8464[0m
[32mΓ£ô Create user "Language_8_Bot09" ΓÇö id=4796[0m
[32mΓ£ô Create user "Language_8_Bot10" ΓÇö id=7425[0m
[32mΓ£ô Create user "Language_8_Bot11" ΓÇö id=4270[0m
[32mΓ£ô Create user "Language_8_Bot12" ΓÇö id=1772[0m
[32mΓ£ô Create user "Language_8_Bot13" ΓÇö id=1158[0m
[32mΓ£ô Create user "Language_8_Bot14" ΓÇö id=4662[0m
[32mΓ£ô Create user "Language_8_Bot15" ΓÇö id=6899[0m
[32mΓ£ô Create user "Language_8_Bot16" ΓÇö id=221[0m
[32mΓ£ô Create user "Language_8_Bot17" ΓÇö id=3035[0m
[32mΓ£ô Create user "Language_8_Bot18" ΓÇö id=3595[0m
[32mΓ£ô Create user "Language_8_Bot19" ΓÇö id=9471[0m
[32mΓ£ô Create user "Language_8_Bot20" ΓÇö id=7603[0m
[32mΓ£ô Create user "Language_8_Bot21" ΓÇö id=1493[0m
[32mΓ£ô User Language_8_Bot01 completes "Lesson 1" ΓÇö xp=10, stars=3, totalXp=100[0m
[32mΓ£ô User Language_8_Bot02 completes "Lesson 1" ΓÇö xp=10, stars=3, totalXp=100[0m
[32mΓ£ô User Language_8_Bot03 completes "Lesson 1" ΓÇö xp=10, stars=3, totalXp=100[0m
[32mΓ£ô User Language_8_Bot04 completes "Lesson 1" ΓÇö xp=10, stars=3, totalXp=100[0m
[32mΓ£ô User Language_8_Bot05 completes "Lesson 1" ΓÇö xp=10, stars=3, totalXp=100[0m
[32mΓ£ô User Language_8_Bot06 completes "Lesson 1" ΓÇö xp=10, stars=3, totalXp=100[0m
[32mΓ£ô User Language_8_Bot07 completes "Lesson 1" ΓÇö xp=10, stars=3, totalXp=100[0m
[32mΓ£ô User Language_8_Bot08 completes "Lesson 1" ΓÇö xp=10, stars=3, totalXp=100[0m
[32mΓ£ô User Language_8_Bot09 completes "Lesson 1" ΓÇö xp=10, stars=3, totalXp=100[0m
[32mΓ£ô User Language_8_Bot10 completes "Lesson 1" ΓÇö xp=10, stars=3, totalXp=100[0m
[32mΓ£ô User Language_8_Bot11 completes "Lesson 1" ΓÇö xp=10, stars=3, totalXp=100[0m
[32mΓ£ô User Language_8_Bot12 completes "Lesson 1" ΓÇö xp=10, stars=3, totalXp=100[0m
[32mΓ£ô User Language_8_Bot13 completes "Lesson 1" ΓÇö xp=10, stars=3, totalXp=100[0m
[32mΓ£ô User Language_8_Bot14 completes "Lesson 1" ΓÇö xp=10, stars=3, totalXp=100[0m
[32mΓ£ô User Language_8_Bot15 completes "Lesson 1" ΓÇö xp=10, stars=3, totalXp=100[0m
[32mΓ£ô User Language_8_Bot16 completes "Lesson 1" ΓÇö xp=10, stars=3, totalXp=100[0m
[32mΓ£ô User Language_8_Bot17 completes "Lesson 1" ΓÇö xp=10, stars=3, totalXp=100[0m
[32mΓ£ô User Language_8_Bot18 completes "Lesson 1" ΓÇö xp=10, stars=3, totalXp=100[0m
[32mΓ£ô User Language_8_Bot19 completes "Lesson 1" ΓÇö xp=10, stars=3, totalXp=100[0m
[32mΓ£ô User Language_8_Bot20 completes "Lesson 1" ΓÇö xp=10, stars=3, totalXp=100[0m
[32mΓ£ô User Language_8_Bot21 completes "Lesson 1" ΓÇö xp=10, stars=3, totalXp=100[0m
  [2mΓåÆ 21 users ├ù 1 lessons = 21 completions[0m

[1m[35mΓòÉΓòÉ LANGUAGE: Language 9 (Lang 9) ΓòÉΓòÉ[0m
[32mΓ£ô Language 9 has units ΓÇö count=1[0m
[32mΓ£ô Language 9 has lessons ΓÇö count=1[0m
  [2m1 lessons across 1 units[0m
[32mΓ£ô GET /lessons/101 ΓÇö Lesson 1[0m
[32mΓ£ô Lesson "Lesson 1" has exercises ΓÇö count=1[0m
[32mΓ£ô Language 9 / Lesson 1 / ex1 exercise has numeric id ΓÇö id=1[0m
[32mΓ£ô Language 9 / Lesson 1 / ex1 exercise has type ΓÇö multiple_choice[0m
[32mΓ£ô Language 9 / Lesson 1 / ex1 exercise has question[0m
[32mΓ£ô Language 9 / Lesson 1 / ex1 exercise has correctAnswer[0m
[32mΓ£ô Language 9 / Lesson 1 / ex1 exercise has options ΓÇö count=2[0m
[32mΓ£ô Language 9 / Lesson 1 / ex1 correctAnswer is in options ΓÇö A[0m
[32mΓ£ô Create user "Language_9_Bot01" ΓÇö id=9482[0m
[32mΓ£ô Create user "Language_9_Bot02" ΓÇö id=6910[0m
[32mΓ£ô Create user "Language_9_Bot03" ΓÇö id=2398[0m
[32mΓ£ô Create user "Language_9_Bot04" ΓÇö id=8383[0m
[32mΓ£ô Create user "Language_9_Bot05" ΓÇö id=2753[0m
[32mΓ£ô Create user "Language_9_Bot06" ΓÇö id=6385[0m
[32mΓ£ô Create user "Language_9_Bot07" ΓÇö id=8336[0m
[32mΓ£ô Create user "Language_9_Bot08" ΓÇö id=4930[0m
[32mΓ£ô Create user "Language_9_Bot09" ΓÇö id=4859[0m
[32mΓ£ô Create user "Language_9_Bot10" ΓÇö id=976[0m
[32mΓ£ô Create user "Language_9_Bot11" ΓÇö id=4261[0m
[32mΓ£ô Create user "Language_9_Bot12" ΓÇö id=9953[0m
[32mΓ£ô Create user "Language_9_Bot13" ΓÇö id=3404[0m
[32mΓ£ô Create user "Language_9_Bot14" ΓÇö id=3807[0m
[32mΓ£ô Create user "Language_9_Bot15" ΓÇö id=9206[0m
[32mΓ£ô Create user "Language_9_Bot16" ΓÇö id=2027[0m
[32mΓ£ô Create user "Language_9_Bot17" ΓÇö id=4658[0m
[32mΓ£ô Create user "Language_9_Bot18" ΓÇö id=5161[0m
[32mΓ£ô Create user "Language_9_Bot19" ΓÇö id=4686[0m
[32mΓ£ô Create user "Language_9_Bot20" ΓÇö id=2754[0m
[32mΓ£ô Create user "Language_9_Bot21" ΓÇö id=45[0m
[32mΓ£ô User Language_9_Bot01 completes "Lesson 1" ΓÇö xp=10, stars=3, totalXp=100[0m
[32mΓ£ô User Language_9_Bot02 completes "Lesson 1" ΓÇö xp=10, stars=3, totalXp=100[0m
[32mΓ£ô User Language_9_Bot03 completes "Lesson 1" ΓÇö xp=10, stars=3, totalXp=100[0m
[32mΓ£ô User Language_9_Bot04 completes "Lesson 1" ΓÇö xp=10, stars=3, totalXp=100[0m
[32mΓ£ô User Language_9_Bot05 completes "Lesson 1" ΓÇö xp=10, stars=3, totalXp=100[0m
[32mΓ£ô User Language_9_Bot06 completes "Lesson 1" ΓÇö xp=10, stars=3, totalXp=100[0m
[32mΓ£ô User Language_9_Bot07 completes "Lesson 1" ΓÇö xp=10, stars=3, totalXp=100[0m
[32mΓ£ô User Language_9_Bot08 completes "Lesson 1" ΓÇö xp=10, stars=3, totalXp=100[0m
[32mΓ£ô User Language_9_Bot09 completes "Lesson 1" ΓÇö xp=10, stars=3, totalXp=100[0m
[32mΓ£ô User Language_9_Bot10 completes "Lesson 1" ΓÇö xp=10, stars=3, totalXp=100[0m
[32mΓ£ô User Language_9_Bot11 completes "Lesson 1" ΓÇö xp=10, stars=3, totalXp=100[0m
[32mΓ£ô User Language_9_Bot12 completes "Lesson 1" ΓÇö xp=10, stars=3, totalXp=100[0m
[32mΓ£ô User Language_9_Bot13 completes "Lesson 1" ΓÇö xp=10, stars=3, totalXp=100[0m
[32mΓ£ô User Language_9_Bot14 completes "Lesson 1" ΓÇö xp=10, stars=3, totalXp=100[0m
[32mΓ£ô User Language_9_Bot15 completes "Lesson 1" ΓÇö xp=10, stars=3, totalXp=100[0m
[32mΓ£ô User Language_9_Bot16 completes "Lesson 1" ΓÇö xp=10, stars=3, totalXp=100[0m
[32mΓ£ô User Language_9_Bot17 completes "Lesson 1" ΓÇö xp=10, stars=3, totalXp=100[0m
[32mΓ£ô User Language_9_Bot18 completes "Lesson 1" ΓÇö xp=10, stars=3, totalXp=100[0m
[32mΓ£ô User Language_9_Bot19 completes "Lesson 1" ΓÇö xp=10, stars=3, totalXp=100[0m
[32mΓ£ô User Language_9_Bot20 completes "Lesson 1" ΓÇö xp=10, stars=3, totalXp=100[0m
[32mΓ£ô User Language_9_Bot21 completes "Lesson 1" ΓÇö xp=10, stars=3, totalXp=100[0m
  [2mΓåÆ 21 users ├ù 1 lessons = 21 completions[0m

[1m[35mΓòÉΓòÉ LANGUAGE: Language 10 (Lang 10) ΓòÉΓòÉ[0m
[32mΓ£ô Language 10 has units ΓÇö count=1[0m
[32mΓ£ô Language 10 has lessons ΓÇö count=1[0m
  [2m1 lessons across 1 units[0m
[32mΓ£ô GET /lessons/101 ΓÇö Lesson 1[0m
[32mΓ£ô Lesson "Lesson 1" has exercises ΓÇö count=1[0m
[32mΓ£ô Language 10 / Lesson 1 / ex1 exercise has numeric id ΓÇö id=1[0m
[32mΓ£ô Language 10 / Lesson 1 / ex1 exercise has type ΓÇö multiple_choice[0m
[32mΓ£ô Language 10 / Lesson 1 / ex1 exercise has question[0m
[32mΓ£ô Language 10 / Lesson 1 / ex1 exercise has correctAnswer[0m
[32mΓ£ô Language 10 / Lesson 1 / ex1 exercise has options ΓÇö count=2[0m
[32mΓ£ô Language 10 / Lesson 1 / ex1 correctAnswer is in options ΓÇö A[0m
[32mΓ£ô Create user "Language_10_Bot01" ΓÇö id=865[0m
[32mΓ£ô Create user "Language_10_Bot02" ΓÇö id=5571[0m
[32mΓ£ô Create user "Language_10_Bot03" ΓÇö id=2505[0m
[32mΓ£ô Create user "Language_10_Bot04" ΓÇö id=3572[0m
[32mΓ£ô Create user "Language_10_Bot05" ΓÇö id=5939[0m
[32mΓ£ô Create user "Language_10_Bot06" ΓÇö id=9136[0m
[32mΓ£ô Create user "Language_10_Bot07" ΓÇö id=5488[0m
[32mΓ£ô Create user "Language_10_Bot08" ΓÇö id=4195[0m
[32mΓ£ô Create user "Language_10_Bot09" ΓÇö id=8886[0m
[32mΓ£ô Create user "Language_10_Bot10" ΓÇö id=6183[0m
[32mΓ£ô Create user "Language_10_Bot11" ΓÇö id=2202[0m
[32mΓ£ô Create user "Language_10_Bot12" ΓÇö id=1364[0m
[32mΓ£ô Create user "Language_10_Bot13" ΓÇö id=2528[0m
[32mΓ£ô Create user "Language_10_Bot14" ΓÇö id=7061[0m
[32mΓ£ô Create user "Language_10_Bot15" ΓÇö id=5731[0m
[32mΓ£ô Create user "Language_10_Bot16" ΓÇö id=6957[0m
[32mΓ£ô Create user "Language_10_Bot17" ΓÇö id=4188[0m
[32mΓ£ô Create user "Language_10_Bot18" ΓÇö id=3195[0m
[32mΓ£ô Create user "Language_10_Bot19" ΓÇö id=5303[0m
[32mΓ£ô Create user "Language_10_Bot20" ΓÇö id=3346[0m
[32mΓ£ô Create user "Language_10_Bot21" ΓÇö id=5930[0m
[32mΓ£ô User Language_10_Bot01 completes "Lesson 1" ΓÇö xp=10, stars=3, totalXp=100[0m
[32mΓ£ô User Language_10_Bot02 completes "Lesson 1" ΓÇö xp=10, stars=3, totalXp=100[0m
[32mΓ£ô User Language_10_Bot03 completes "Lesson 1" ΓÇö xp=10, stars=3, totalXp=100[0m
[32mΓ£ô User Language_10_Bot04 completes "Lesson 1" ΓÇö xp=10, stars=3, totalXp=100[0m
[32mΓ£ô User Language_10_Bot05 completes "Lesson 1" ΓÇö xp=10, stars=3, totalXp=100[0m
[32mΓ£ô User Language_10_Bot06 completes "Lesson 1" ΓÇö xp=10, stars=3, totalXp=100[0m
[32mΓ£ô User Language_10_Bot07 completes "Lesson 1" ΓÇö xp=10, stars=3, totalXp=100[0m
[32mΓ£ô User Language_10_Bot08 completes "Lesson 1" ΓÇö xp=10, stars=3, totalXp=100[0m
[32mΓ£ô User Language_10_Bot09 completes "Lesson 1" ΓÇö xp=10, stars=3, totalXp=100[0m
[32mΓ£ô User Language_10_Bot10 completes "Lesson 1" ΓÇö xp=10, stars=3, totalXp=100[0m
[32mΓ£ô User Language_10_Bot11 completes "Lesson 1" ΓÇö xp=10, stars=3, totalXp=100[0m
[32mΓ£ô User Language_10_Bot12 completes "Lesson 1" ΓÇö xp=10, stars=3, totalXp=100[0m
[32mΓ£ô User Language_10_Bot13 completes "Lesson 1" ΓÇö xp=10, stars=3, totalXp=100[0m
[32mΓ£ô User Language_10_Bot14 completes "Lesson 1" ΓÇö xp=10, stars=3, totalXp=100[0m
[32mΓ£ô User Language_10_Bot15 completes "Lesson 1" ΓÇö xp=10, stars=3, totalXp=100[0m
[32mΓ£ô User Language_10_Bot16 completes "Lesson 1" ΓÇö xp=10, stars=3, totalXp=100[0m
[32mΓ£ô User Language_10_Bot17 completes "Lesson 1" ΓÇö xp=10, stars=3, totalXp=100[0m
[32mΓ£ô User Language_10_Bot18 completes "Lesson 1" ΓÇö xp=10, stars=3, totalXp=100[0m
[32mΓ£ô User Language_10_Bot19 completes "Lesson 1" ΓÇö xp=10, stars=3, totalXp=100[0m
[32mΓ£ô User Language_10_Bot20 completes "Lesson 1" ΓÇö xp=10, stars=3, totalXp=100[0m
[32mΓ£ô User Language_10_Bot21 completes "Lesson 1" ΓÇö xp=10, stars=3, totalXp=100[0m
  [2mΓåÆ 21 users ├ù 1 lessons = 21 completions[0m

[1m[35mΓòÉΓòÉ LANGUAGE: Language 11 (Lang 11) ΓòÉΓòÉ[0m
[32mΓ£ô Language 11 has units ΓÇö count=1[0m
[32mΓ£ô Language 11 has lessons ΓÇö count=1[0m
  [2m1 lessons across 1 units[0m
[32mΓ£ô GET /lessons/101 ΓÇö Lesson 1[0m
[32mΓ£ô Lesson "Lesson 1" has exercises ΓÇö count=1[0m
[32mΓ£ô Language 11 / Lesson 1 / ex1 exercise has numeric id ΓÇö id=1[0m
[32mΓ£ô Language 11 / Lesson 1 / ex1 exercise has type ΓÇö multiple_choice[0m
[32mΓ£ô Language 11 / Lesson 1 / ex1 exercise has question[0m
[32mΓ£ô Language 11 / Lesson 1 / ex1 exercise has correctAnswer[0m
[32mΓ£ô Language 11 / Lesson 1 / ex1 exercise has options ΓÇö count=2[0m
[32mΓ£ô Language 11 / Lesson 1 / ex1 correctAnswer is in options ΓÇö A[0m
[32mΓ£ô Create user "Language_11_Bot01" ΓÇö id=3459[0m
[32mΓ£ô Create user "Language_11_Bot02" ΓÇö id=7624[0m
[32mΓ£ô Create user "Language_11_Bot03" ΓÇö id=7715[0m
[32mΓ£ô Create user "Language_11_Bot04" ΓÇö id=4535[0m
[32mΓ£ô Create user "Language_11_Bot05" ΓÇö id=2754[0m
[32mΓ£ô Create user "Language_11_Bot06" ΓÇö id=2052[0m
[32mΓ£ô Create user "Language_11_Bot07" ΓÇö id=932[0m
[32mΓ£ô Create user "Language_11_Bot08" ΓÇö id=9791[0m
[32mΓ£ô Create user "Language_11_Bot09" ΓÇö id=9426[0m
[32mΓ£ô Create user "Language_11_Bot10" ΓÇö id=6469[0m
[32mΓ£ô Create user "Language_11_Bot11" ΓÇö id=4961[0m
[32mΓ£ô Create user "Language_11_Bot12" ΓÇö id=4136[0m
[32mΓ£ô Create user "Language_11_Bot13" ΓÇö id=284[0m
[32mΓ£ô Create user "Language_11_Bot14" ΓÇö id=855[0m
[32mΓ£ô Create user "Language_11_Bot15" ΓÇö id=3712[0m
[32mΓ£ô Create user "Language_11_Bot16" ΓÇö id=1587[0m
[32mΓ£ô Create user "Language_11_Bot17" ΓÇö id=3530[0m
[32mΓ£ô Create user "Language_11_Bot18" ΓÇö id=2565[0m
[32mΓ£ô Create user "Language_11_Bot19" ΓÇö id=352[0m
[32mΓ£ô Create user "Language_11_Bot20" ΓÇö id=9245[0m
[32mΓ£ô Create user "Language_11_Bot21" ΓÇö id=6641[0m
[32mΓ£ô User Language_11_Bot01 completes "Lesson 1" ΓÇö xp=10, stars=3, totalXp=100[0m
[32mΓ£ô User Language_11_Bot02 completes "Lesson 1" ΓÇö xp=10, stars=3, totalXp=100[0m
[32mΓ£ô User Language_11_Bot03 completes "Lesson 1" ΓÇö xp=10, stars=3, totalXp=100[0m
[32mΓ£ô User Language_11_Bot04 completes "Lesson 1" ΓÇö xp=10, stars=3, totalXp=100[0m
[32mΓ£ô User Language_11_Bot05 completes "Lesson 1" ΓÇö xp=10, stars=3, totalXp=100[0m
[32mΓ£ô User Language_11_Bot06 completes "Lesson 1" ΓÇö xp=10, stars=3, totalXp=100[0m
[32mΓ£ô User Language_11_Bot07 completes "Lesson 1" ΓÇö xp=10, stars=3, totalXp=100[0m
[32mΓ£ô User Language_11_Bot08 completes "Lesson 1" ΓÇö xp=10, stars=3, totalXp=100[0m
[32mΓ£ô User Language_11_Bot09 completes "Lesson 1" ΓÇö xp=10, stars=3, totalXp=100[0m
[32mΓ£ô User Language_11_Bot10 completes "Lesson 1" ΓÇö xp=10, stars=3, totalXp=100[0m
[32mΓ£ô User Language_11_Bot11 completes "Lesson 1" ΓÇö xp=10, stars=3, totalXp=100[0m
[32mΓ£ô User Language_11_Bot12 completes "Lesson 1" ΓÇö xp=10, stars=3, totalXp=100[0m
[32mΓ£ô User Language_11_Bot13 completes "Lesson 1" ΓÇö xp=10, stars=3, totalXp=100[0m
[32mΓ£ô User Language_11_Bot14 completes "Lesson 1" ΓÇö xp=10, stars=3, totalXp=100[0m
[32mΓ£ô User Language_11_Bot15 completes "Lesson 1" ΓÇö xp=10, stars=3, totalXp=100[0m
[32mΓ£ô User Language_11_Bot16 completes "Lesson 1" ΓÇö xp=10, stars=3, totalXp=100[0m
[32mΓ£ô User Language_11_Bot17 completes "Lesson 1" ΓÇö xp=10, stars=3, totalXp=100[0m
[32mΓ£ô User Language_11_Bot18 completes "Lesson 1" ΓÇö xp=10, stars=3, totalXp=100[0m
[32mΓ£ô User Language_11_Bot19 completes "Lesson 1" ΓÇö xp=10, stars=3, totalXp=100[0m
[32mΓ£ô User Language_11_Bot20 completes "Lesson 1" ΓÇö xp=10, stars=3, totalXp=100[0m
[32mΓ£ô User Language_11_Bot21 completes "Lesson 1" ΓÇö xp=10, stars=3, totalXp=100[0m
  [2mΓåÆ 21 users ├ù 1 lessons = 21 completions[0m

[1m[35mΓòÉΓòÉ LANGUAGE: Language 12 (Lang 12) ΓòÉΓòÉ[0m
[32mΓ£ô Language 12 has units ΓÇö count=1[0m
[32mΓ£ô Language 12 has lessons ΓÇö count=1[0m
  [2m1 lessons across 1 units[0m
[32mΓ£ô GET /lessons/101 ΓÇö Lesson 1[0m
[32mΓ£ô Lesson "Lesson 1" has exercises ΓÇö count=1[0m
[32mΓ£ô Language 12 / Lesson 1 / ex1 exercise has numeric id ΓÇö id=1[0m
[32mΓ£ô Language 12 / Lesson 1 / ex1 exercise has type ΓÇö multiple_choice[0m
[32mΓ£ô Language 12 / Lesson 1 / ex1 exercise has question[0m
[32mΓ£ô Language 12 / Lesson 1 / ex1 exercise has correctAnswer[0m
[32mΓ£ô Language 12 / Lesson 1 / ex1 exercise has options ΓÇö count=2[0m
[32mΓ£ô Language 12 / Lesson 1 / ex1 correctAnswer is in options ΓÇö A[0m
[32mΓ£ô Create user "Language_12_Bot01" ΓÇö id=8259[0m
[32mΓ£ô Create user "Language_12_Bot02" ΓÇö id=5738[0m
[32mΓ£ô Create user "Language_12_Bot03" ΓÇö id=9353[0m
[32mΓ£ô Create user "Language_12_Bot04" ΓÇö id=6762[0m
[32mΓ£ô Create user "Language_12_Bot05" ΓÇö id=503[0m
[32mΓ£ô Create user "Language_12_Bot06" ΓÇö id=8154[0m
[32mΓ£ô Create user "Language_12_Bot07" ΓÇö id=4726[0m
[32mΓ£ô Create user "Language_12_Bot08" ΓÇö id=7120[0m
[32mΓ£ô Create user "Language_12_Bot09" ΓÇö id=4256[0m
[32mΓ£ô Create user "Language_12_Bot10" ΓÇö id=5050[0m
[32mΓ£ô Create user "Language_12_Bot11" ΓÇö id=140[0m
[32mΓ£ô Create user "Language_12_Bot12" ΓÇö id=5985[0m
[32mΓ£ô Create user "Language_12_Bot13" ΓÇö id=1903[0m
[32mΓ£ô Create user "Language_12_Bot14" ΓÇö id=4499[0m
[32mΓ£ô Create user "Language_12_Bot15" ΓÇö id=4370[0m
[32mΓ£ô Create user "Language_12_Bot16" ΓÇö id=2399[0m
[32mΓ£ô Create user "Language_12_Bot17" ΓÇö id=4235[0m
[32mΓ£ô Create user "Language_12_Bot18" ΓÇö id=6938[0m
[32mΓ£ô Create user "Language_12_Bot19" ΓÇö id=3100[0m
[32mΓ£ô Create user "Language_12_Bot20" ΓÇö id=4622[0m
[32mΓ£ô Create user "Language_12_Bot21" ΓÇö id=1148[0m
[32mΓ£ô User Language_12_Bot01 completes "Lesson 1" ΓÇö xp=10, stars=3, totalXp=100[0m
[32mΓ£ô User Language_12_Bot02 completes "Lesson 1" ΓÇö xp=10, stars=3, totalXp=100[0m
[32mΓ£ô User Language_12_Bot03 completes "Lesson 1" ΓÇö xp=10, stars=3, totalXp=100[0m
[32mΓ£ô User Language_12_Bot04 completes "Lesson 1" ΓÇö xp=10, stars=3, totalXp=100[0m
[32mΓ£ô User Language_12_Bot05 completes "Lesson 1" ΓÇö xp=10, stars=3, totalXp=100[0m
[32mΓ£ô User Language_12_Bot06 completes "Lesson 1" ΓÇö xp=10, stars=3, totalXp=100[0m
[32mΓ£ô User Language_12_Bot07 completes "Lesson 1" ΓÇö xp=10, stars=3, totalXp=100[0m
[32mΓ£ô User Language_12_Bot08 completes "Lesson 1" ΓÇö xp=10, stars=3, totalXp=100[0m
[32mΓ£ô User Language_12_Bot09 completes "Lesson 1" ΓÇö xp=10, stars=3, totalXp=100[0m
[32mΓ£ô User Language_12_Bot10 completes "Lesson 1" ΓÇö xp=10, stars=3, totalXp=100[0m
[32mΓ£ô User Language_12_Bot11 completes "Lesson 1" ΓÇö xp=10, stars=3, totalXp=100[0m
[32mΓ£ô User Language_12_Bot12 completes "Lesson 1" ΓÇö xp=10, stars=3, totalXp=100[0m
[32mΓ£ô User Language_12_Bot13 completes "Lesson 1" ΓÇö xp=10, stars=3, totalXp=100[0m
[32mΓ£ô User Language_12_Bot14 completes "Lesson 1" ΓÇö xp=10, stars=3, totalXp=100[0m
[32mΓ£ô User Language_12_Bot15 completes "Lesson 1" ΓÇö xp=10, stars=3, totalXp=100[0m
[32mΓ£ô User Language_12_Bot16 completes "Lesson 1" ΓÇö xp=10, stars=3, totalXp=100[0m
[32mΓ£ô User Language_12_Bot17 completes "Lesson 1" ΓÇö xp=10, stars=3, totalXp=100[0m
[32mΓ£ô User Language_12_Bot18 completes "Lesson 1" ΓÇö xp=10, stars=3, totalXp=100[0m
[32mΓ£ô User Language_12_Bot19 completes "Lesson 1" ΓÇö xp=10, stars=3, totalXp=100[0m
[32mΓ£ô User Language_12_Bot20 completes "Lesson 1" ΓÇö xp=10, stars=3, totalXp=100[0m
[32mΓ£ô User Language_12_Bot21 completes "Lesson 1" ΓÇö xp=10, stars=3, totalXp=100[0m
  [2mΓåÆ 21 users ├ù 1 lessons = 21 completions[0m

[1m[35mΓòÉΓòÉ LANGUAGE: Language 13 (Lang 13) ΓòÉΓòÉ[0m
[32mΓ£ô Language 13 has units ΓÇö count=1[0m
[32mΓ£ô Language 13 has lessons ΓÇö count=1[0m
  [2m1 lessons across 1 units[0m
[32mΓ£ô GET /lessons/101 ΓÇö Lesson 1[0m
[32mΓ£ô Lesson "Lesson 1" has exercises ΓÇö count=1[0m
[32mΓ£ô Language 13 / Lesson 1 / ex1 exercise has numeric id ΓÇö id=1[0m
[32mΓ£ô Language 13 / Lesson 1 / ex1 exercise has type ΓÇö multiple_choice[0m
[32mΓ£ô Language 13 / Lesson 1 / ex1 exercise has question[0m
[32mΓ£ô Language 13 / Lesson 1 / ex1 exercise has correctAnswer[0m
[32mΓ£ô Language 13 / Lesson 1 / ex1 exercise has options ΓÇö count=2[0m
[32mΓ£ô Language 13 / Lesson 1 / ex1 correctAnswer is in options ΓÇö A[0m
[32mΓ£ô Create user "Language_13_Bot01" ΓÇö id=8636[0m
[32mΓ£ô Create user "Language_13_Bot02" ΓÇö id=4213[0m
[32mΓ£ô Create user "Language_13_Bot03" ΓÇö id=7888[0m
[32mΓ£ô Create user "Language_13_Bot04" ΓÇö id=7717[0m
[32mΓ£ô Create user "Language_13_Bot05" ΓÇö id=5983[0m
[32mΓ£ô Create user "Language_13_Bot06" ΓÇö id=9626[0m
[32mΓ£ô Create user "Language_13_Bot07" ΓÇö id=3540[0m
[32mΓ£ô Create user "Language_13_Bot08" ΓÇö id=6021[0m
[32mΓ£ô Create user "Language_13_Bot09" ΓÇö id=1355[0m
[32mΓ£ô Create user "Language_13_Bot10" ΓÇö id=6691[0m
[32mΓ£ô Create user "Language_13_Bot11" ΓÇö id=786[0m
[32mΓ£ô Create user "Language_13_Bot12" ΓÇö id=801[0m
[32mΓ£ô Create user "Language_13_Bot13" ΓÇö id=7744[0m
[32mΓ£ô Create user "Language_13_Bot14" ΓÇö id=2132[0m
[32mΓ£ô Create user "Language_13_Bot15" ΓÇö id=8105[0m
[32mΓ£ô Create user "Language_13_Bot16" ΓÇö id=6785[0m
[32mΓ£ô Create user "Language_13_Bot17" ΓÇö id=8840[0m
[32mΓ£ô Create user "Language_13_Bot18" ΓÇö id=7319[0m
[32mΓ£ô Create user "Language_13_Bot19" ΓÇö id=3362[0m
[32mΓ£ô Create user "Language_13_Bot20" ΓÇö id=6155[0m
[32mΓ£ô Create user "Language_13_Bot21" ΓÇö id=1156[0m
[32mΓ£ô User Language_13_Bot01 completes "Lesson 1" ΓÇö xp=10, stars=3, totalXp=100[0m
[32mΓ£ô User Language_13_Bot02 completes "Lesson 1" ΓÇö xp=10, stars=3, totalXp=100[0m
[32mΓ£ô User Language_13_Bot03 completes "Lesson 1" ΓÇö xp=10, stars=3, totalXp=100[0m
[32mΓ£ô User Language_13_Bot04 completes "Lesson 1" ΓÇö xp=10, stars=3, totalXp=100[0m
[32mΓ£ô User Language_13_Bot05 completes "Lesson 1" ΓÇö xp=10, stars=3, totalXp=100[0m
[32mΓ£ô User Language_13_Bot06 completes "Lesson 1" ΓÇö xp=10, stars=3, totalXp=100[0m
[32mΓ£ô User Language_13_Bot07 completes "Lesson 1" ΓÇö xp=10, stars=3, totalXp=100[0m
[32mΓ£ô User Language_13_Bot08 completes "Lesson 1" ΓÇö xp=10, stars=3, totalXp=100[0m
[32mΓ£ô User Language_13_Bot09 completes "Lesson 1" ΓÇö xp=10, stars=3, totalXp=100[0m
[32mΓ£ô User Language_13_Bot10 completes "Lesson 1" ΓÇö xp=10, stars=3, totalXp=100[0m
[32mΓ£ô User Language_13_Bot11 completes "Lesson 1" ΓÇö xp=10, stars=3, totalXp=100[0m
[32mΓ£ô User Language_13_Bot12 completes "Lesson 1" ΓÇö xp=10, stars=3, totalXp=100[0m
[32mΓ£ô User Language_13_Bot13 completes "Lesson 1" ΓÇö xp=10, stars=3, totalXp=100[0m
[32mΓ£ô User Language_13_Bot14 completes "Lesson 1" ΓÇö xp=10, stars=3, totalXp=100[0m
[32mΓ£ô User Language_13_Bot15 completes "Lesson 1" ΓÇö xp=10, stars=3, totalXp=100[0m
[32mΓ£ô User Language_13_Bot16 completes "Lesson 1" ΓÇö xp=10, stars=3, totalXp=100[0m
[32mΓ£ô User Language_13_Bot17 completes "Lesson 1" ΓÇö xp=10, stars=3, totalXp=100[0m
[32mΓ£ô User Language_13_Bot18 completes "Lesson 1" ΓÇö xp=10, stars=3, totalXp=100[0m
[32mΓ£ô User Language_13_Bot19 completes "Lesson 1" ΓÇö xp=10, stars=3, totalXp=100[0m
[32mΓ£ô User Language_13_Bot20 completes "Lesson 1" ΓÇö xp=10, stars=3, totalXp=100[0m
[32mΓ£ô User Language_13_Bot21 completes "Lesson 1" ΓÇö xp=10, stars=3, totalXp=100[0m
  [2mΓåÆ 21 users ├ù 1 lessons = 21 completions[0m

[1m[35mΓòÉΓòÉ LANGUAGE: Language 14 (Lang 14) ΓòÉΓòÉ[0m
[32mΓ£ô Language 14 has units ΓÇö count=1[0m
[32mΓ£ô Language 14 has lessons ΓÇö count=1[0m
  [2m1 lessons across 1 units[0m
[32mΓ£ô GET /lessons/101 ΓÇö Lesson 1[0m
[32mΓ£ô Lesson "Lesson 1" has exercises ΓÇö count=1[0m
[32mΓ£ô Language 14 / Lesson 1 / ex1 exercise has numeric id ΓÇö id=1[0m
[32mΓ£ô Language 14 / Lesson 1 / ex1 exercise has type ΓÇö multiple_choice[0m
[32mΓ£ô Language 14 / Lesson 1 / ex1 exercise has question[0m
[32mΓ£ô Language 14 / Lesson 1 / ex1 exercise has correctAnswer[0m
[32mΓ£ô Language 14 / Lesson 1 / ex1 exercise has options ΓÇö count=2[0m
[32mΓ£ô Language 14 / Lesson 1 / ex1 correctAnswer is in options ΓÇö A[0m
[32mΓ£ô Create user "Language_14_Bot01" ΓÇö id=5036[0m
[32mΓ£ô Create user "Language_14_Bot02" ΓÇö id=2596[0m
[32mΓ£ô Create user "Language_14_Bot03" ΓÇö id=4180[0m
[32mΓ£ô Create user "Language_14_Bot04" ΓÇö id=6243[0m
[32mΓ£ô Create user "Language_14_Bot05" ΓÇö id=3619[0m
[32mΓ£ô Create user "Language_14_Bot06" ΓÇö id=7873[0m
[32mΓ£ô Create user "Language_14_Bot07" ΓÇö id=2711[0m
[32mΓ£ô Create user "Language_14_Bot08" ΓÇö id=6573[0m
[32mΓ£ô Create user "Language_14_Bot09" ΓÇö id=8358[0m
[32mΓ£ô Create user "Language_14_Bot10" ΓÇö id=7178[0m
[32mΓ£ô Create user "Language_14_Bot11" ΓÇö id=5680[0m
[32mΓ£ô Create user "Language_14_Bot12" ΓÇö id=5907[0m
[32mΓ£ô Create user "Language_14_Bot13" ΓÇö id=7134[0m
[32mΓ£ô Create user "Language_14_Bot14" ΓÇö id=6236[0m
[32mΓ£ô Create user "Language_14_Bot15" ΓÇö id=6433[0m
[32mΓ£ô Create user "Language_14_Bot16" ΓÇö id=4473[0m
[32mΓ£ô Create user "Language_14_Bot17" ΓÇö id=3999[0m
[32mΓ£ô Create user "Language_14_Bot18" ΓÇö id=7637[0m
[32mΓ£ô Create user "Language_14_Bot19" ΓÇö id=5778[0m
[32mΓ£ô Create user "Language_14_Bot20" ΓÇö id=2618[0m
[32mΓ£ô Create user "Language_14_Bot21" ΓÇö id=1898[0m
[32mΓ£ô User Language_14_Bot01 completes "Lesson 1" ΓÇö xp=10, stars=3, totalXp=100[0m
[32mΓ£ô User Language_14_Bot02 completes "Lesson 1" ΓÇö xp=10, stars=3, totalXp=100[0m
[32mΓ£ô User Language_14_Bot03 completes "Lesson 1" ΓÇö xp=10, stars=3, totalXp=100[0m
[32mΓ£ô User Language_14_Bot04 completes "Lesson 1" ΓÇö xp=10, stars=3, totalXp=100[0m
[32mΓ£ô User Language_14_Bot05 completes "Lesson 1" ΓÇö xp=10, stars=3, totalXp=100[0m
[32mΓ£ô User Language_14_Bot06 completes "Lesson 1" ΓÇö xp=10, stars=3, totalXp=100[0m
[32mΓ£ô User Language_14_Bot07 completes "Lesson 1" ΓÇö xp=10, stars=3, totalXp=100[0m
[32mΓ£ô User Language_14_Bot08 completes "Lesson 1" ΓÇö xp=10, stars=3, totalXp=100[0m
[32mΓ£ô User Language_14_Bot09 completes "Lesson 1" ΓÇö xp=10, stars=3, totalXp=100[0m
[32mΓ£ô User Language_14_Bot10 completes "Lesson 1" ΓÇö xp=10, stars=3, totalXp=100[0m
[32mΓ£ô User Language_14_Bot11 completes "Lesson 1" ΓÇö xp=10, stars=3, totalXp=100[0m
[32mΓ£ô User Language_14_Bot12 completes "Lesson 1" ΓÇö xp=10, stars=3, totalXp=100[0m
[32mΓ£ô User Language_14_Bot13 completes "Lesson 1" ΓÇö xp=10, stars=3, totalXp=100[0m
[32mΓ£ô User Language_14_Bot14 completes "Lesson 1" ΓÇö xp=10, stars=3, totalXp=100[0m
[32mΓ£ô User Language_14_Bot15 completes "Lesson 1" ΓÇö xp=10, stars=3, totalXp=100[0m
[32mΓ£ô User Language_14_Bot16 completes "Lesson 1" ΓÇö xp=10, stars=3, totalXp=100[0m
[32mΓ£ô User Language_14_Bot17 completes "Lesson 1" ΓÇö xp=10, stars=3, totalXp=100[0m
[32mΓ£ô User Language_14_Bot18 completes "Lesson 1" ΓÇö xp=10, stars=3, totalXp=100[0m
[32mΓ£ô User Language_14_Bot19 completes "Lesson 1" ΓÇö xp=10, stars=3, totalXp=100[0m
[32mΓ£ô User Language_14_Bot20 completes "Lesson 1" ΓÇö xp=10, stars=3, totalXp=100[0m
[32mΓ£ô User Language_14_Bot21 completes "Lesson 1" ΓÇö xp=10, stars=3, totalXp=100[0m
  [2mΓåÆ 21 users ├ù 1 lessons = 21 completions[0m

[1m[35mΓòÉΓòÉ LANGUAGE: Language 15 (Lang 15) ΓòÉΓòÉ[0m
[32mΓ£ô Language 15 has units ΓÇö count=1[0m
[32mΓ£ô Language 15 has lessons ΓÇö count=1[0m
  [2m1 lessons across 1 units[0m
[32mΓ£ô GET /lessons/101 ΓÇö Lesson 1[0m
[32mΓ£ô Lesson "Lesson 1" has exercises ΓÇö count=1[0m
[32mΓ£ô Language 15 / Lesson 1 / ex1 exercise has numeric id ΓÇö id=1[0m
[32mΓ£ô Language 15 / Lesson 1 / ex1 exercise has type ΓÇö multiple_choice[0m
[32mΓ£ô Language 15 / Lesson 1 / ex1 exercise has question[0m
[32mΓ£ô Language 15 / Lesson 1 / ex1 exercise has correctAnswer[0m
[32mΓ£ô Language 15 / Lesson 1 / ex1 exercise has options ΓÇö count=2[0m
[32mΓ£ô Language 15 / Lesson 1 / ex1 correctAnswer is in options ΓÇö A[0m
[32mΓ£ô Create user "Language_15_Bot01" ΓÇö id=8965[0m
[32mΓ£ô Create user "Language_15_Bot02" ΓÇö id=6545[0m
[32mΓ£ô Create user "Language_15_Bot03" ΓÇö id=6623[0m
[32mΓ£ô Create user "Language_15_Bot04" ΓÇö id=6305[0m
[32mΓ£ô Create user "Language_15_Bot05" ΓÇö id=2368[0m
[32mΓ£ô Create user "Language_15_Bot06" ΓÇö id=6623[0m
[32mΓ£ô Create user "Language_15_Bot07" ΓÇö id=9669[0m
[32mΓ£ô Create user "Language_15_Bot08" ΓÇö id=5475[0m
[32mΓ£ô Create user "Language_15_Bot09" ΓÇö id=1755[0m
[32mΓ£ô Create user "Language_15_Bot10" ΓÇö id=3326[0m
[32mΓ£ô Create user "Language_15_Bot11" ΓÇö id=8771[0m
[32mΓ£ô Create user "Language_15_Bot12" ΓÇö id=9972[0m
[32mΓ£ô Create user "Language_15_Bot13" ΓÇö id=9217[0m
[32mΓ£ô Create user "Language_15_Bot14" ΓÇö id=6140[0m
[32mΓ£ô Create user "Language_15_Bot15" ΓÇö id=941[0m
[32mΓ£ô Create user "Language_15_Bot16" ΓÇö id=7436[0m
[32mΓ£ô Create user "Language_15_Bot17" ΓÇö id=8213[0m
[32mΓ£ô Create user "Language_15_Bot18" ΓÇö id=5486[0m
[32mΓ£ô Create user "Language_15_Bot19" ΓÇö id=7398[0m
[32mΓ£ô Create user "Language_15_Bot20" ΓÇö id=1207[0m
[32mΓ£ô Create user "Language_15_Bot21" ΓÇö id=4947[0m
[32mΓ£ô User Language_15_Bot01 completes "Lesson 1" ΓÇö xp=10, stars=3, totalXp=100[0m
[32mΓ£ô User Language_15_Bot02 completes "Lesson 1" ΓÇö xp=10, stars=3, totalXp=100[0m
[32mΓ£ô User Language_15_Bot03 completes "Lesson 1" ΓÇö xp=10, stars=3, totalXp=100[0m
[32mΓ£ô User Language_15_Bot04 completes "Lesson 1" ΓÇö xp=10, stars=3, totalXp=100[0m
[32mΓ£ô User Language_15_Bot05 completes "Lesson 1" ΓÇö xp=10, stars=3, totalXp=100[0m
[32mΓ£ô User Language_15_Bot06 completes "Lesson 1" ΓÇö xp=10, stars=3, totalXp=100[0m
[32mΓ£ô User Language_15_Bot07 completes "Lesson 1" ΓÇö xp=10, stars=3, totalXp=100[0m
[32mΓ£ô User Language_15_Bot08 completes "Lesson 1" ΓÇö xp=10, stars=3, totalXp=100[0m
[32mΓ£ô User Language_15_Bot09 completes "Lesson 1" ΓÇö xp=10, stars=3, totalXp=100[0m
[32mΓ£ô User Language_15_Bot10 completes "Lesson 1" ΓÇö xp=10, stars=3, totalXp=100[0m
[32mΓ£ô User Language_15_Bot11 completes "Lesson 1" ΓÇö xp=10, stars=3, totalXp=100[0m
[32mΓ£ô User Language_15_Bot12 completes "Lesson 1" ΓÇö xp=10, stars=3, totalXp=100[0m
[32mΓ£ô User Language_15_Bot13 completes "Lesson 1" ΓÇö xp=10, stars=3, totalXp=100[0m
[32mΓ£ô User Language_15_Bot14 completes "Lesson 1" ΓÇö xp=10, stars=3, totalXp=100[0m
[32mΓ£ô User Language_15_Bot15 completes "Lesson 1" ΓÇö xp=10, stars=3, totalXp=100[0m
[32mΓ£ô User Language_15_Bot16 completes "Lesson 1" ΓÇö xp=10, stars=3, totalXp=100[0m
[32mΓ£ô User Language_15_Bot17 completes "Lesson 1" ΓÇö xp=10, stars=3, totalXp=100[0m
[32mΓ£ô User Language_15_Bot18 completes "Lesson 1" ΓÇö xp=10, stars=3, totalXp=100[0m
[32mΓ£ô User Language_15_Bot19 completes "Lesson 1" ΓÇö xp=10, stars=3, totalXp=100[0m
[32mΓ£ô User Language_15_Bot20 completes "Lesson 1" ΓÇö xp=10, stars=3, totalXp=100[0m
[32mΓ£ô User Language_15_Bot21 completes "Lesson 1" ΓÇö xp=10, stars=3, totalXp=100[0m
  [2mΓåÆ 21 users ├ù 1 lessons = 21 completions[0m

[1m[35mΓòÉΓòÉ LEADERBOARD CHECK ΓòÉΓòÉ[0m
[32mΓ£ô GET /leaderboard returns 200[0m
[32mΓ£ô Leaderboard populated ΓÇö entries=3[0m

[1m[34mΓòöΓòÉΓòÉΓòÉΓòÉΓòÉΓòÉΓòÉΓòÉΓòÉΓòÉΓòÉΓòÉΓòÉΓòÉΓòÉΓòÉΓòÉΓòÉΓòÉΓòÉΓòÉΓòÉΓòÉΓòÉΓòÉΓòÉΓòÉΓòÉΓòÉΓòÉΓòÉΓòÉΓòÉΓòÉΓòÉΓòÉΓòÉΓòÉΓòÉΓòÉΓòÉΓòÉΓòÉΓòÉΓòÉΓòÉΓòÉΓòÉΓòÉΓòÉΓòÉΓòÉΓòÉΓòÉΓòÉΓòÉΓòÉΓòÉΓòÉΓòÉΓòù
Γòæ                     TEST SUMMARY                           Γòæ
ΓòÜΓòÉΓòÉΓòÉΓòÉΓòÉΓòÉΓòÉΓòÉΓòÉΓòÉΓòÉΓòÉΓòÉΓòÉΓòÉΓòÉΓòÉΓòÉΓòÉΓòÉΓòÉΓòÉΓòÉΓòÉΓòÉΓòÉΓòÉΓòÉΓòÉΓòÉΓòÉΓòÉΓòÉΓòÉΓòÉΓòÉΓòÉΓòÉΓòÉΓòÉΓòÉΓòÉΓòÉΓòÉΓòÉΓòÉΓòÉΓòÉΓòÉΓòÉΓòÉΓòÉΓòÉΓòÉΓòÉΓòÉΓòÉΓòÉΓòÉΓòÉΓò¥[0m
  Languages tested     : [32m15[0m / 15
  Unique lessons       : [32m15[0m per language corpus
  Users created        : [32m315[0m (target 315)
  Lesson completions   : [32m315[0m
  Exercises validated  : [32m15[0m
  Assertions           : [32m787 passed[0m / [31m0 failed[0m (total: 787)

[32m[1mAll assertions passed.[0m
